// Jest Snapshot v1, https://goo.gl/fbAQLP

exports[`should render ExpenseList with empty message 1`] = `
<div>
  <p>
    No expenses
  </p>
</div>
`;

exports[`should render ExpenseList with expenses 1`] = `
<div>
  <ExpenseListItem
    amount={195}
    createdAt={0}
    description="one"
    id={1}
    key="1"
    note="note"
  />
  <ExpenseListItem
    amount={109500}
    createdAt={-345600000}
    description="two"
    id={2}
    key="2"
    note="note2"
  />
  <ExpenseListItem
    amount={4500}
    createdAt={345600000}
    description="three"
    id={3}
    key="3"
    note="note3"
  />
</div>
`;
