// Jest Snapshot v1, https://goo.gl/fbAQLP

exports[`should render ExpenseListItem with fixture data 1`] = `
<Link
  to="/edit/1"
>
  <div>
    <h3>
      one
    </h3>
    <span>
      December 31st, 1969
    </span>
  </div>
  <h3>
    $1.95
  </h3>
</Link>
`;
